[mathieublok.co/index.html]
[mathieublok.co/css/style.css]
[mathieublok.co/css/reset.css]
[mathieublok.co/assets/img/favicon.ico]
[unpkg.com/aos@3.0.0-beta.6/dist/aos.css]
[backblue.gif]
[fade.gif]
[index.html]
[cdnjs.cloudflare.com/ajax/libs/animate.css/3.7.2/animate.min.css]
[ajax.googleapis.com/ajax/libs/jquery/3.3.1/jquery.min.js]
[unpkg.com/aos@3.0.0-beta.6/dist/aos.js]
[mathieublok.co/js/script.js]
[mathieublok.co/assets/img/header/circle.png]
[mathieublok.co/project-geodia.html]
[mathieublok.co/project-xaalys.html]
[mathieublok.co/project-nutergia.html]
[mathieublok.co/project-sodexo.html]
[mathieublok.co/project-photographer.html]
[mathieublok.co/project-skillcorner.html]
[mathieublok.co/assets/mathieublokcv.pdf]
[mathieublok.co/index.html]
[mathieublok.co/assets/fonts/ogg-roman.otf]
[mathieublok.co/assets/fonts/NeueHaasGroteskRegular.otf]
[mathieublok.co/assets/fonts/NeueHaasGroteskMedium.otf]
[mathieublok.co/assets/img/projects/nutergia/home-case.png]
[mathieublok.co/assets/img/projects/xaalys/home-case.png]
[mathieublok.co/assets/img/projects/geodia/home-case.png]
[mathieublok.co/assets/img/projects/fred/home-case.png]
[mathieublok.co/assets/img/projects/sodexo/home-case.png]
[mathieublok.co/assets/img/projects/ssdp/home-case.png]
[mathieublok.co/assets/img/projects/skillcorner/home-case.png]
[mathieublok.co/css/style.css]
[mathieublok.co/css/reset.css]
[unpkg.com/aos@3.0.0-beta.6/dist/aos.css]
[cdnjs.cloudflare.com/ajax/libs/animate.css/3.7.2/animate.min.css]
[mathieublok.co/index-2.html]
[mathieublok.co/assets/img/projects/geodia/home.png]
[mathieublok.co/assets/img/projects/geodia/multipages-a.png]
[mathieublok.co/assets/img/projects/geodia/multipages-b.png]
[mathieublok.co/assets/img/projects/geodia/mobile.png]
[mathieublok.co/project-geodia.html]
[mathieublok.co/assets/img/projects/xaalys/home.png]
[mathieublok.co/assets/img/projects/xaalys/mobile.png]
[mathieublok.co/project-xaalys.html]
[mathieublok.co/assets/img/projects/nutergia/intro.jpg]
[mathieublok.co/assets/img/projects/nutergia/homepage.png]
[mathieublok.co/assets/img/projects/nutergia/menu.png]
[mathieublok.co/project-nutergia.html]
[mathieublok.co/assets/img/projects/sodexo/mobile-a.png]
[mathieublok.co/assets/img/projects/sodexo/mobile-b.png]
[mathieublok.co/assets/img/projects/sodexo/mobile-c.png]
[mathieublok.co/assets/img/projects/sodexo/mobile-d.png]
[mathieublok.co/project-sodexo.html]
[mathieublok.co/assets/img/projects/fred/home.png]
[mathieublok.co/assets/img/projects/fred/menu.png]
[mathieublok.co/assets/img/projects/fred/backoffice.png]
[mathieublok.co/project-photographer.html]
[mathieublok.co/assets/img/projects/skillcorner/home.png]
[mathieublok.co/assets/img/projects/skillcorner/page-1.png]
[mathieublok.co/assets/img/projects/skillcorner/page-2.png]
[mathieublok.co/assets/img/projects/skillcorner/product.jpg]
[mathieublok.co/project-skillcorner.html]
[mathieublok.co/assets/img/aboutme/me.svg]
[mathieublok.co/assets/img/aboutus/circle-fullteam.svg]
[mathieublok.co/assets/img/aboutus/circle-fullteam-mobile.svg]
[mathieublok.co/assets/img/aboutus/circle-1.svg]
[mathieublok.co/assets/img/aboutus/circle-2.svg]
[mathieublok.co/assets/img/aboutus/circle-3.svg]
[mathieublok.co/assets/img/aboutus/circle-gestion.svg]
[mathieublok.co/assets/img/aboutus/circle-ux.svg]
[mathieublok.co/assets/img/pastille.svg]
[mathieublok.co/assets/fonts/NeueHaasGroteskItalic.html]
[mathieublok.co/index-2.html]
[mathieublok.co/assets/img/aboutus/arrow.svg]
